
Allocating common symbols
Common symbol       size              file

zigbee_data         0x3               1c102_main.o
Read_length         0x1               1c102_Interrupt.o
uart_rec            0xa               init.o
nmi_caller          0x4               1c102_cmdline.o
display             0x14              ultrasonic.o
exti_irq_handle     0x80              1c102_Interrupt.o
STS                 0x1               ls1c102_i2c.o
Ultrasonic_ts       0x8               ultrasonic.o
Circular_queue      0x130             queue.o
uart_rec_len        0x1               init.o
_rand_next          0x4               ls1x_printf.o
str                 0x1e              1c102_main.o
Flash_pe            0x1               ls1x_flash.o
Read_Buffer         0xff              1c102_Interrupt.o

Discarded input sections

 .text          0x0000000000000000       0x14 start.o
 .data          0x0000000000000000        0x0 start.o
 .bss           0x0000000000000000        0x0 start.o
 .data          0x0000000000000000        0x0 serial.o
 .bss           0x0000000000000000        0x0 serial.o
 .data          0x0000000000000000        0x0 wakeup.o
 .bss           0x0000000000000000        0x0 wakeup.o
 .text          0x0000000000000000        0x0 UserGpio.o
 .data          0x0000000000000000        0x0 UserGpio.o
 .bss           0x0000000000000000        0x0 UserGpio.o
 .eh_frame      0x0000000000000000       0x3c UserGpio.o
 .text          0x0000000000000000        0x0 init.o
 .data          0x0000000000000000        0x0 init.o
 .bss           0x0000000000000000        0x0 init.o
 .eh_frame      0x0000000000000000       0x3c init.o
 COMMON         0x0000000000000000        0xb init.o
 .text          0x0000000000000000        0x0 ls1x_gpio.o
 .data          0x0000000000000000        0x0 ls1x_gpio.o
 .bss           0x0000000000000000        0x0 ls1x_gpio.o
 .text.GPIO_Init
                0x0000000000000000       0x68 ls1x_gpio.o
 .text.gpio_set_InputStatus
                0x0000000000000000      0x128 ls1x_gpio.o
 .eh_frame      0x0000000000000000      0x110 ls1x_gpio.o
 .text          0x0000000000000000        0x0 ls1x_spi.o
 .data          0x0000000000000000        0x0 ls1x_spi.o
 .bss           0x0000000000000000        0x0 ls1x_spi.o
 .rodata        0x0000000000000000       0x42 ls1x_spi.o
 .text.Spi_FreqDiv
                0x0000000000000000      0x140 ls1x_spi.o
 .text.Spi_Init
                0x0000000000000000       0x70 ls1x_spi.o
 .text.Spi_Write_Read_1to4
                0x0000000000000000       0xf0 ls1x_spi.o
 .text.Spi_Write_Read_N
                0x0000000000000000      0x124 ls1x_spi.o
 .text.Spi_Cs_Down
                0x0000000000000000       0x58 ls1x_spi.o
 .text.Spi_Cs_Up
                0x0000000000000000       0x54 ls1x_spi.o
 .text.Spi_Send
                0x0000000000000000       0x40 ls1x_spi.o
 .text.Spiflash_Rdsr
                0x0000000000000000       0x4c ls1x_spi.o
 .text.Spiflash_Wait_Wip_Zero
                0x0000000000000000       0x38 ls1x_spi.o
 .text.Spiflash_Wren
                0x0000000000000000       0x4c ls1x_spi.o
 .text.Spiflash_Wrsr
                0x0000000000000000       0x5c ls1x_spi.o
 .text.Spiflash_Rdsr2
                0x0000000000000000       0x4c ls1x_spi.o
 .text.Spiflash_Rdsr3
                0x0000000000000000       0x4c ls1x_spi.o
 .text.Spiflash_Rdid
                0x0000000000000000       0x68 ls1x_spi.o
 .text.Spiflash_Sector_Erase
                0x0000000000000000       0x90 ls1x_spi.o
 .text.Spiflash_Block64k_Erase
                0x0000000000000000       0x90 ls1x_spi.o
 .text.Spiflash_Page_Program
                0x0000000000000000       0xa4 ls1x_spi.o
 .text.Spiflash_Read_Bytes
                0x0000000000000000       0x9c ls1x_spi.o
 .text.SPI_TransByte
                0x0000000000000000       0xe8 ls1x_spi.o
 .text.SpiFlashCsn0Enable
                0x0000000000000000       0x28 ls1x_spi.o
 .text.SpiFlashCsn0Disable
                0x0000000000000000       0x28 ls1x_spi.o
 .comment       0x0000000000000000       0x12 ls1x_spi.o
 .eh_frame      0x0000000000000000      0x320 ls1x_spi.o
 .text          0x0000000000000000        0x0 ls1x_printf.o
 .data          0x0000000000000000        0x0 ls1x_printf.o
 .bss           0x0000000000000000        0x0 ls1x_printf.o
 .rodata        0x0000000000000000        0x7 ls1x_printf.o
 .text.printBuf
                0x0000000000000000       0x78 ls1x_printf.o
 .text.myputchar2
                0x0000000000000000       0x84 ls1x_printf.o
 .text.mygetchar
                0x0000000000000000       0x38 ls1x_printf.o
 .text.printbase2
                0x0000000000000000      0x178 ls1x_printf.o
 .text.puts2    0x0000000000000000       0x88 ls1x_printf.o
 .text.myprintf2
                0x0000000000000000      0x414 ls1x_printf.o
 .rodata.myprintf2
                0x0000000000000000      0x150 ls1x_printf.o
 .text.rand     0x0000000000000000       0x5c ls1x_printf.o
 .eh_frame      0x0000000000000000      0x27c ls1x_printf.o
 COMMON         0x0000000000000000        0x4 ls1x_printf.o
 .text          0x0000000000000000        0x0 ls1x_uart.o
 .data          0x0000000000000000        0x0 ls1x_uart.o
 .bss           0x0000000000000000        0x0 ls1x_uart.o
 .text.Uart_init
                0x0000000000000000       0xa4 ls1x_uart.o
 .text.UART_GetFlagStatus
                0x0000000000000000       0x64 ls1x_uart.o
 .text.UART_GetITStatus
                0x0000000000000000       0x60 ls1x_uart.o
 .text.UART_ClearITPendingBit
                0x0000000000000000       0xa4 ls1x_uart.o
 .text.x_getchar
                0x0000000000000000       0x2c ls1x_uart.o
 .text.UartInit
                0x0000000000000000       0x6c ls1x_uart.o
 .text.Uart2_init
                0x0000000000000000       0x7c ls1x_uart.o
 .text.Uart1_init_test
                0x0000000000000000       0x80 ls1x_uart.o
 .text.Uart0_send
                0x0000000000000000       0x3c ls1x_uart.o
 .text.Uart1_send
                0x0000000000000000       0x3c ls1x_uart.o
 .text.Uart2_send
                0x0000000000000000       0x3c ls1x_uart.o
 .eh_frame      0x0000000000000000      0x2c8 ls1x_uart.o
 .text          0x0000000000000000        0x0 ls1x_clock.o
 .data          0x0000000000000000        0x0 ls1x_clock.o
 .bss           0x0000000000000000        0x0 ls1x_clock.o
 .text.CLOCK_checkSelect
                0x0000000000000000       0xc0 ls1x_clock.o
 .text.CLOCK_GetFlagStatus
                0x0000000000000000       0x3c ls1x_clock.o
 .text.CLOCK_GetClocksFreq
                0x0000000000000000       0x6c ls1x_clock.o
 .eh_frame      0x0000000000000000      0x18c ls1x_clock.o
 .text          0x0000000000000000        0x0 ls1x_common.o
 .data          0x0000000000000000        0x0 ls1x_common.o
 .bss           0x0000000000000000        0x0 ls1x_common.o
 .text.IsGlobalIntOpen
                0x0000000000000000       0x38 ls1x_common.o
 .text.DisableExtInt
                0x0000000000000000       0x40 ls1x_common.o
 .text.EnableExtInt
                0x0000000000000000       0x3c ls1x_common.o
 .text.Set_soft_int
                0x0000000000000000       0x24 ls1x_common.o
 .text.Set_soft_stop
                0x0000000000000000       0x24 ls1x_common.o
 .text.Set_Timer_Init
                0x0000000000000000       0x30 ls1x_common.o
 .text.Wake_256sec_Set
                0x0000000000000000       0xa8 ls1x_common.o
 .eh_frame      0x0000000000000000      0x19c ls1x_common.o
 .text          0x0000000000000000        0x0 ls1x_pmu.o
 .data          0x0000000000000000        0x0 ls1x_pmu.o
 .bss           0x0000000000000000        0x0 ls1x_pmu.o
 .eh_frame      0x0000000000000000       0x58 ls1x_pmu.o
 .text          0x0000000000000000        0x0 ls1x_logo.o
 .data          0x0000000000000000        0x0 ls1x_logo.o
 .bss           0x0000000000000000        0x0 ls1x_logo.o
 .eh_frame      0x0000000000000000       0x3c ls1x_logo.o
 .text          0x0000000000000000        0x0 ls1x_latimer.o
 .data          0x0000000000000000        0x0 ls1x_latimer.o
 .bss           0x0000000000000000        0x0 ls1x_latimer.o
 .text.close_count
                0x0000000000000000       0x24 ls1x_latimer.o
 .text.delay_us
                0x0000000000000000       0x38 ls1x_latimer.o
 .text.delay_s  0x0000000000000000       0x3c ls1x_latimer.o
 .text.SetTime  0x0000000000000000       0x54 ls1x_latimer.o
 .text.CompareTime
                0x0000000000000000       0x50 ls1x_latimer.o
 .eh_frame      0x0000000000000000      0x19c ls1x_latimer.o
 .text          0x0000000000000000        0x0 ls1x_string.o
 .data          0x0000000000000000        0x0 ls1x_string.o
 .bss           0x0000000000000000        0x0 ls1x_string.o
 .text.memcmp   0x0000000000000000       0x88 ls1x_string.o
 .text.memcpy   0x0000000000000000       0x70 ls1x_string.o
 .text.strstr   0x0000000000000000       0xe0 ls1x_string.o
 .text.pstrstr  0x0000000000000000       0xc8 ls1x_string.o
 .text.strchr   0x0000000000000000       0x80 ls1x_string.o
 .text.atoi     0x0000000000000000       0xe4 ls1x_string.o
 .text.itoa     0x0000000000000000      0x17c ls1x_string.o
 .text.strcat   0x0000000000000000       0xa0 ls1x_string.o
 .text.strcmp   0x0000000000000000       0x84 ls1x_string.o
 .text.isContained
                0x0000000000000000       0x78 ls1x_string.o
 .text.strtok_r
                0x0000000000000000      0x1d4 ls1x_string.o
 .text.str_to_hex
                0x0000000000000000       0xf4 ls1x_string.o
 .text.atohex   0x0000000000000000      0x164 ls1x_string.o
 .eh_frame      0x0000000000000000      0x258 ls1x_string.o
 .text          0x0000000000000000        0x0 ls1x_flash.o
 .data          0x0000000000000000        0x0 ls1x_flash.o
 .bss           0x0000000000000000        0x0 ls1x_flash.o
 .text.FLASH_ErasePage
                0x0000000000000000       0x50 ls1x_flash.o
 .text.FLASH_EraseUserFlash
                0x0000000000000000       0x9c ls1x_flash.o
 .text.FLASH_ReadPage
                0x0000000000000000       0xa4 ls1x_flash.o
 .text.FLASH_WitePage
                0x0000000000000000      0x48c ls1x_flash.o
 .text.ls1c_flash_write2
                0x0000000000000000      0x17c ls1x_flash.o
 .text.ls1c_flash_write_data
                0x0000000000000000      0x144 ls1x_flash.o
 .text.FLASH_WaitForPeEnd
                0x0000000000000000       0x80 ls1x_flash.o
 .text.FLASH_GetStatus
                0x0000000000000000       0x34 ls1x_flash.o
 .text.FLASH_GetFlagStatus
                0x0000000000000000       0x4c ls1x_flash.o
 .text.FLASH_ITConfig
                0x0000000000000000       0x64 ls1x_flash.o
 .text.FLASH_ITCmd
                0x0000000000000000       0x68 ls1x_flash.o
 .text.FLASH_ClearIT
                0x0000000000000000       0x50 ls1x_flash.o
 .text.FLASH_WiteTest
                0x0000000000000000       0xa4 ls1x_flash.o
 .rodata        0x0000000000000000        0xa ls1x_flash.o
 .text.FLASH_ReadTest
                0x0000000000000000       0xc0 ls1x_flash.o
 .comment       0x0000000000000000       0x12 ls1x_flash.o
 .eh_frame      0x0000000000000000      0x21c ls1x_flash.o
 COMMON         0x0000000000000000        0x1 ls1x_flash.o
 .text          0x0000000000000000        0x0 ls1x_rtc.o
 .data          0x0000000000000000        0x0 ls1x_rtc.o
 .bss           0x0000000000000000        0x0 ls1x_rtc.o
 .text.Rtc_Read
                0x0000000000000000       0xec ls1x_rtc.o
 .text.Rtc_Write
                0x0000000000000000      0x16c ls1x_rtc.o
 .text.RtcUpdateData
                0x0000000000000000       0x4c ls1x_rtc.o
 .comment       0x0000000000000000       0x12 ls1x_rtc.o
 .eh_frame      0x0000000000000000       0x80 ls1x_rtc.o
 .text          0x0000000000000000        0x0 ls1x_exti.o
 .data          0x0000000000000000        0x0 ls1x_exti.o
 .bss           0x0000000000000000        0x0 ls1x_exti.o
 .text.EXTI_DeInit
                0x0000000000000000       0x40 ls1x_exti.o
 .text.EXTI_StructInit
                0x0000000000000000       0x44 ls1x_exti.o
 .text.EXTI_GetFlagStatus
                0x0000000000000000       0x50 ls1x_exti.o
 .text.EXTI_ClearFlag
                0x0000000000000000       0x3c ls1x_exti.o
 .text.EXTI_GetITStatus
                0x0000000000000000       0x70 ls1x_exti.o
 .eh_frame      0x0000000000000000       0xfc ls1x_exti.o
 .text          0x0000000000000000        0x0 ls1x_wdg.o
 .data          0x0000000000000000        0x0 ls1x_wdg.o
 .bss           0x0000000000000000        0x0 ls1x_wdg.o
 .eh_frame      0x0000000000000000       0xa4 ls1x_wdg.o
 .text          0x0000000000000000        0x0 ls1c102_i2c.o
 .data          0x0000000000000000        0x0 ls1c102_i2c.o
 .bss           0x0000000000000000        0x0 ls1c102_i2c.o
 .text.I2C_delay_my
                0x0000000000000000       0x3c ls1c102_i2c.o
 .text.I2C_Init
                0x0000000000000000      0x104 ls1c102_i2c.o
 .text.I2C_StructInit
                0x0000000000000000       0x5c ls1c102_i2c.o
 .text.I2C_ITConfig
                0x0000000000000000       0x6c ls1c102_i2c.o
 .text.I2C_ITCmd
                0x0000000000000000       0x90 ls1c102_i2c.o
 .text.I2C_GenerateSTART
                0x0000000000000000       0x6c ls1c102_i2c.o
 .text.I2C_GenerateSTOP
                0x0000000000000000       0x7c ls1c102_i2c.o
 .text.I2C_AcknowledgeConfig
                0x0000000000000000       0x6c ls1c102_i2c.o
 .text.I2C_SendData
                0x0000000000000000       0x50 ls1c102_i2c.o
 .text.I2C_ReceiveData
                0x0000000000000000       0x60 ls1c102_i2c.o
 .rodata        0x0000000000000000       0xaf ls1c102_i2c.o
 .text.I2C_Send7bitAddress
                0x0000000000000000       0xac ls1c102_i2c.o
 .text.I2C_ReadRegister
                0x0000000000000000       0x50 ls1c102_i2c.o
 .text.I2C_ClearFlag
                0x0000000000000000       0x48 ls1c102_i2c.o
 .text.I2C_GetStatus
                0x0000000000000000       0x5c ls1c102_i2c.o
 .text.I2C_ClearIT
                0x0000000000000000       0x50 ls1c102_i2c.o
 .text.I2C_wait
                0x0000000000000000       0x48 ls1c102_i2c.o
 .text.I2C_BUSY
                0x0000000000000000       0x48 ls1c102_i2c.o
 .text.I2C_Unlock
                0x0000000000000000       0x54 ls1c102_i2c.o
 .text.CAT24_Write
                0x0000000000000000      0x15c ls1c102_i2c.o
 .text.CAT24_Read
                0x0000000000000000      0x160 ls1c102_i2c.o
 .text.CAT24_Write_Int
                0x0000000000000000      0x140 ls1c102_i2c.o
 .text.CAT24_Read_Int
                0x0000000000000000      0x16c ls1c102_i2c.o
 .comment       0x0000000000000000       0x12 ls1c102_i2c.o
 .eh_frame      0x0000000000000000      0x334 ls1c102_i2c.o
 COMMON         0x0000000000000000        0x1 ls1c102_i2c.o
 .text          0x0000000000000000        0x0 ls1c102_vpwm.o
 .data          0x0000000000000000        0x0 ls1c102_vpwm.o
 .bss           0x0000000000000000        0x0 ls1c102_vpwm.o
 .comment       0x0000000000000000       0x12 ls1c102_vpwm.o
 .text          0x0000000000000000        0x0 ls1c102_adc.o
 .data          0x0000000000000000        0x0 ls1c102_adc.o
 .bss           0x0000000000000000        0x0 ls1c102_adc.o
 .text.Adc_powerOn
                0x0000000000000000       0x54 ls1c102_adc.o
 .text.Adc_powerOff
                0x0000000000000000       0x50 ls1c102_adc.o
 .text.Adc_open
                0x0000000000000000       0xb0 ls1c102_adc.o
 .text.Adc_close
                0x0000000000000000       0xe4 ls1c102_adc.o
 .text.Adc_openGroup
                0x0000000000000000       0xa0 ls1c102_adc.o
 .text.Adc_closeGroup
                0x0000000000000000       0xd4 ls1c102_adc.o
 .text.Adc_singleMeasure
                0x0000000000000000       0x90 ls1c102_adc.o
 .text.Adc_Measure
                0x0000000000000000       0xdc ls1c102_adc.o
 .text.Adc_getVoltage
                0x0000000000000000       0x68 ls1c102_adc.o
 .comment       0x0000000000000000       0x12 ls1c102_adc.o
 .eh_frame      0x0000000000000000      0x170 ls1c102_adc.o
 .text          0x0000000000000000        0x0 ls1c102_touch.o
 .data          0x0000000000000000        0x0 ls1c102_touch.o
 .bss           0x0000000000000000        0x0 ls1c102_touch.o
 .text.Touch_CountBaseInit
                0x0000000000000000       0x90 ls1c102_touch.o
 .text.Touch_PerformInit
                0x0000000000000000       0x88 ls1c102_touch.o
 .text.Touch_ControlConfig
                0x0000000000000000       0xc8 ls1c102_touch.o
 .text.TOUCH_Cmd
                0x0000000000000000       0x68 ls1c102_touch.o
 .text.TOUCH_EnablePollScan
                0x0000000000000000       0x30 ls1c102_touch.o
 .text.TOUCH_disablePollScan
                0x0000000000000000       0x34 ls1c102_touch.o
 .text.TOUCH_EnableSingleScan
                0x0000000000000000       0x30 ls1c102_touch.o
 .text.TOUCH_GetDownTh
                0x0000000000000000       0x48 ls1c102_touch.o
 .text.TOUCH_SetDownTh
                0x0000000000000000       0x7c ls1c102_touch.o
 .text.TOUCH_SetBaseVal
                0x0000000000000000       0x7c ls1c102_touch.o
 .text.TOUCH_SetChnAttr
                0x0000000000000000       0x7c ls1c102_touch.o
 .text.TOUCH_SetAllChnAttr
                0x0000000000000000       0x64 ls1c102_touch.o
 .text.TOUCH_SetAllChnAttr2
                0x0000000000000000       0x90 ls1c102_touch.o
 .text.TOUCH_Init
                0x0000000000000000       0xfc ls1c102_touch.o
 .eh_frame      0x0000000000000000      0x2bc ls1c102_touch.o
 .text          0x0000000000000000        0x0 ls1c102_ptimer.o
 .data          0x0000000000000000        0x0 ls1c102_ptimer.o
 .bss           0x0000000000000000        0x0 ls1c102_ptimer.o
 .text.TIM_ITConfig
                0x0000000000000000       0x90 ls1c102_ptimer.o
 .text.TIM_GetCounter
                0x0000000000000000       0x34 ls1c102_ptimer.o
 .text.TIM_SetCounter
                0x0000000000000000       0x30 ls1c102_ptimer.o
 .text.TIM_SetCompare
                0x0000000000000000       0x30 ls1c102_ptimer.o
 .text.TIM_GetCompare
                0x0000000000000000       0x34 ls1c102_ptimer.o
 .eh_frame      0x0000000000000000      0x18c ls1c102_ptimer.o
 .text          0x0000000000000000        0x0 1c102_cmdline.o
 .data          0x0000000000000000        0x0 1c102_cmdline.o
 .bss           0x0000000000000000        0x0 1c102_cmdline.o
 .rodata        0x0000000000000000      0x3a8 1c102_cmdline.o
 .data.cmd      0x0000000000000000      0x1f0 1c102_cmdline.o
 .text.do_exit  0x0000000000000000       0x28 1c102_cmdline.o
 .text.do_help  0x0000000000000000      0x208 1c102_cmdline.o
 .text.cmdline  0x0000000000000000      0xdbc 1c102_cmdline.o
 .comment       0x0000000000000000       0x12 1c102_cmdline.o
 .eh_frame      0x0000000000000000       0x84 1c102_cmdline.o
 COMMON         0x0000000000000000        0x4 1c102_cmdline.o
 .text          0x0000000000000000        0x0 1c102_cmd.o
 .data          0x0000000000000000        0x0 1c102_cmd.o
 .bss           0x0000000000000000        0x0 1c102_cmd.o
 .text.do_nothing
                0x0000000000000000       0x20 1c102_cmd.o
 .rodata        0x0000000000000000      0x875 1c102_cmd.o
 .text.do_d1    0x0000000000000000      0x114 1c102_cmd.o
 .text.do_d4    0x0000000000000000      0x120 1c102_cmd.o
 .text.do_m1    0x0000000000000000       0x90 1c102_cmd.o
 .text.do_m4    0x0000000000000000       0x8c 1c102_cmd.o
 .text.str2num  0x0000000000000000      0x214 1c102_cmd.o
 .text.v_play   0x0000000000000000       0x68 1c102_cmd.o
 .text.touch_reg_show
                0x0000000000000000      0x100 1c102_cmd.o
 .text.touch_value_show
                0x0000000000000000       0xd4 1c102_cmd.o
 .text.touch_test
                0x0000000000000000      0x274 1c102_cmd.o
 .text.hpet     0x0000000000000000      0x100 1c102_cmd.o
 .text.latimer  0x0000000000000000       0x94 1c102_cmd.o
 .text.delay    0x0000000000000000      0x104 1c102_cmd.o
 .text.wakeup   0x0000000000000000       0x90 1c102_cmd.o
 .text.a_to_n   0x0000000000000000       0x60 1c102_cmd.o
 .text.date     0x0000000000000000      0x48c 1c102_cmd.o
 .text.watch_dog
                0x0000000000000000       0x84 1c102_cmd.o
 .text.i2cp     0x0000000000000000       0x4c 1c102_cmd.o
 .text.i2cw     0x0000000000000000      0x10c 1c102_cmd.o
 .text.i2cr     0x0000000000000000       0xe0 1c102_cmd.o
 .text.adc      0x0000000000000000      0x1a4 1c102_cmd.o
 .text.batdet   0x0000000000000000      0x170 1c102_cmd.o
 .text.copy     0x0000000000000000      0x190 1c102_cmd.o
 .text.uart_init
                0x0000000000000000       0xac 1c102_cmd.o
 .text.sleep    0x0000000000000000       0xa4 1c102_cmd.o
 .text.spi_init
                0x0000000000000000       0x68 1c102_cmd.o
 .text.spi_write
                0x0000000000000000      0x134 1c102_cmd.o
 .text.spi_read
                0x0000000000000000      0x174 1c102_cmd.o
 .text.spi_erase
                0x0000000000000000       0x90 1c102_cmd.o
 .text.spi_flash
                0x0000000000000000      0x258 1c102_cmd.o
 .text.gpio_int_test
                0x0000000000000000       0x9c 1c102_cmd.o
 .text.gpio_int
                0x0000000000000000       0x34 1c102_cmd.o
 .text.tmp      0x0000000000000000       0x50 1c102_cmd.o
 .text.m4_flash
                0x0000000000000000       0xb4 1c102_cmd.o
 .text.copy_iram
                0x0000000000000000      0x138 1c102_cmd.o
 .comment       0x0000000000000000       0x12 1c102_cmd.o
 .eh_frame      0x0000000000000000      0x57c 1c102_cmd.o
 .text          0x0000000000000000        0x0 1c102_Interrupt.o
 .data          0x0000000000000000        0x0 1c102_Interrupt.o
 .bss           0x0000000000000000        0x0 1c102_Interrupt.o
 .text.SOFT_INT
                0x0000000000000000       0x34 1c102_Interrupt.o
 .text.TIMER_8M_INT
                0x0000000000000000       0x44 1c102_Interrupt.o
 .text.INTC     0x0000000000000000       0x1c 1c102_Interrupt.o
 .text.RING     0x0000000000000000       0x1c 1c102_Interrupt.o
 .data.state    0x0000000000000000        0x4 1c102_Interrupt.o
 .eh_frame      0x0000000000000000      0x628 1c102_Interrupt.o
 .text          0x0000000000000000        0x0 iic.o
 .data          0x0000000000000000        0x0 iic.o
 .bss           0x0000000000000000        0x0 iic.o
 .text.IIC_Ack  0x0000000000000000       0x60 iic.o
 .text.IIC_NAck
                0x0000000000000000       0x60 iic.o
 .text.IIC_Read_Byte
                0x0000000000000000       0xb4 iic.o
 .eh_frame      0x0000000000000000      0x1bc iic.o
 .text          0x0000000000000000        0x0 oled.o
 .data          0x0000000000000000        0x0 oled.o
 .bss           0x0000000000000000        0x0 oled.o
 .text.OLED_Display_On
                0x0000000000000000       0x48 oled.o
 .text.OLED_Display_Off
                0x0000000000000000       0x48 oled.o
 .text.OLED_Draw
                0x0000000000000000       0xa8 oled.o
 .text.OLED_DrawBMP
                0x0000000000000000      0x10c oled.o
 .text.OLED_ShowString
                0x0000000000000000      0x12c oled.o
 .rodata        0x0000000000000000        0x6 oled.o
 .text.OLED_ShowInt32Num
                0x0000000000000000      0x130 oled.o
 .eh_frame      0x0000000000000000      0x260 oled.o
 .text          0x0000000000000000        0x0 1c102_main.o
 .data          0x0000000000000000        0x0 1c102_main.o
 .bss           0x0000000000000000        0x0 1c102_main.o
 .data.BKRC     0x0000000000000000      0x1f4 1c102_main.o
 .data.DHT11P   0x0000000000000000      0x1f4 1c102_main.o
 .bss.key_value
                0x0000000000000000        0x1 1c102_main.o
 .data.states   0x0000000000000000        0x4 1c102_main.o
 .eh_frame      0x0000000000000000       0x34 1c102_main.o
 .text          0x0000000000000000        0x0 ultrasonic.o
 .data          0x0000000000000000        0x0 ultrasonic.o
 .bss           0x0000000000000000        0x0 ultrasonic.o
 .eh_frame      0x0000000000000000       0xac ultrasonic.o
 .text          0x0000000000000000        0x0 LED.o
 .data          0x0000000000000000        0x0 LED.o
 .bss           0x0000000000000000        0x0 LED.o
 .eh_frame      0x0000000000000000       0x38 LED.o
 .text          0x0000000000000000        0x0 KEY.o
 .data          0x0000000000000000        0x0 KEY.o
 .bss           0x0000000000000000        0x0 KEY.o
 .text.KEY_Scan
                0x0000000000000000      0x148 KEY.o
 .eh_frame      0x0000000000000000       0x60 KEY.o
 .text          0x0000000000000000        0x0 ZigBee.o
 .data          0x0000000000000000        0x0 ZigBee.o
 .bss           0x0000000000000000        0x0 ZigBee.o
 .text.Send_ZigBee_data
                0x0000000000000000      0x1d0 ZigBee.o
 .eh_frame      0x0000000000000000      0x150 ZigBee.o
 .text          0x0000000000000000        0x0 queue.o
 .data          0x0000000000000000        0x0 queue.o
 .bss           0x0000000000000000        0x0 queue.o
 .text.Queue_Init
                0x0000000000000000       0x4c queue.o
 .text.Queue_isFull
                0x0000000000000000       0x64 queue.o
 .eh_frame      0x0000000000000000      0x114 queue.o
 .text          0x0000000000000000        0x0 BEEP.o
 .data          0x0000000000000000        0x0 BEEP.o
 .bss           0x0000000000000000        0x0 BEEP.o
 .eh_frame      0x0000000000000000       0x38 BEEP.o

Memory Configuration

Name             Origin             Length             Attributes
flash            0x000000001c000000 0x0000000000020000 xr
IRAM             0x0000000080000000 0x0000000000001000 rw
DRAM             0x0000000080001000 0x0000000000001000 rw
*default*        0x0000000000000000 0xffffffffffffffff

Linker script and memory map


.text           0x000000001c000000     0x68e4
                0x000000001c000000                . = ALIGN (0x4)
 *(.text .text.*)
 .text._start   0x000000001c000000     0x1128 start.o
                0x000000001c000000                _start
                0x000000001c0000ac                cpu_wait
                0x000000001c000800                m4_flash_4k
 .text          0x000000001c001128       0xbc serial.o
                0x000000001c001128                serial_out
                0x000000001c001144                outputaddr
                0x000000001c0011a4                outputstring
 .text          0x000000001c0011e4      0x148 wakeup.o
                0x000000001c0011e4                cpu_sleep
                0x000000001c00128c                wakeup_reset
 .text.GPIOInit
                0x000000001c00132c       0x98 UserGpio.o
                0x000000001c00132c                GPIOInit
 .text.bsp_init
                0x000000001c0013c4       0xfc init.o
                0x000000001c0013c4                bsp_init
 .text.AFIO_RemapConfig
                0x000000001c0014c0       0xcc ls1x_gpio.o
                0x000000001c0014c0                AFIO_RemapConfig
 .text.gpio_get_pin
                0x000000001c00158c       0x50 ls1x_gpio.o
                0x000000001c00158c                gpio_get_pin
 .text.gpio_write_pin
                0x000000001c0015dc       0x78 ls1x_gpio.o
                0x000000001c0015dc                gpio_write_pin
 .text.gpio_pin_remap
                0x000000001c001654      0x20c ls1x_gpio.o
                0x000000001c001654                gpio_pin_remap
 .text.gpio_set_direction
                0x000000001c001860      0x128 ls1x_gpio.o
                0x000000001c001860                gpio_set_direction
 .text.myputchar
                0x000000001c001988       0x3c ls1x_printf.o
                0x000000001c001988                myputchar
 .text.printbase
                0x000000001c0019c4      0x160 ls1x_printf.o
                0x000000001c0019c4                printbase
 .text.puts     0x000000001c001b24       0x70 ls1x_printf.o
                0x000000001c001b24                puts
 .text.myprintf
                0x000000001c001b94      0x3a4 ls1x_printf.o
                0x000000001c001b94                myprintf
 .text.vsputs   0x000000001c001f38       0x54 ls1x_printf.o
                0x000000001c001f38                vsputs
 .text.vsputchar
                0x000000001c001f8c       0x44 ls1x_printf.o
                0x000000001c001f8c                vsputchar
 .text.vsprintbase
                0x000000001c001fd0      0x17c ls1x_printf.o
                0x000000001c001fd0                vsprintbase
 .text.vsprintf
                0x000000001c00214c      0x3d8 ls1x_printf.o
                0x000000001c00214c                vsprintf
 .text.sprintf  0x000000001c002524       0x6c ls1x_printf.o
                0x000000001c002524                sprintf
 .text.UART_Init
                0x000000001c002590      0x2fc ls1x_uart.o
                0x000000001c002590                UART_Init
 .text.UART_StructInit
                0x000000001c00288c       0x7c ls1x_uart.o
                0x000000001c00288c                UART_StructInit
 .text.UART_ITConfig
                0x000000001c002908       0x88 ls1x_uart.o
                0x000000001c002908                UART_ITConfig
 .text.UART_SendData
                0x000000001c002990       0x4c ls1x_uart.o
                0x000000001c002990                UART_SendData
 .text.UART_SendDataALL
                0x000000001c0029dc       0x78 ls1x_uart.o
                0x000000001c0029dc                UART_SendDataALL
 .text.UART_ReceiveData
                0x000000001c002a54       0x4c ls1x_uart.o
                0x000000001c002a54                UART_ReceiveData
 .text.Uart0_init
                0x000000001c002aa0       0xc4 ls1x_uart.o
                0x000000001c002aa0                Uart0_init
 .text.Uart1_init
                0x000000001c002b64       0xc4 ls1x_uart.o
                0x000000001c002b64                Uart1_init
 .text.CLOCK_WaitForHSEStartUp
                0x000000001c002c28       0x9c ls1x_clock.o
                0x000000001c002c28                CLOCK_WaitForHSEStartUp
 .text.CLOCK_WaitForLSEStartUp
                0x000000001c002cc4       0xe4 ls1x_clock.o
                0x000000001c002cc4                CLOCK_WaitForLSEStartUp
 .text.CLOCK_HSEConfig
                0x000000001c002da8       0xb4 ls1x_clock.o
                0x000000001c002da8                CLOCK_HSEConfig
 .text.CLOCK_LSEConfig
                0x000000001c002e5c       0x68 ls1x_clock.o
                0x000000001c002e5c                CLOCK_LSEConfig
 .text.CLOCK_StructInit
                0x000000001c002ec4       0x64 ls1x_clock.o
                0x000000001c002ec4                CLOCK_StructInit
 .text.CLOCK_Init
                0x000000001c002f28      0x23c ls1x_clock.o
                0x000000001c002f28                CLOCK_Init
 .text.SystemClockInit
                0x000000001c003164       0x9c ls1x_clock.o
                0x000000001c003164                SystemClockInit
 .text.DisableInt
                0x000000001c003200       0x24 ls1x_common.o
                0x000000001c003200                DisableInt
 .text.EnableInt
                0x000000001c003224       0x24 ls1x_common.o
                0x000000001c003224                EnableInt
 .text.Set_Timer_stop
                0x000000001c003248       0x20 ls1x_common.o
                0x000000001c003248                Set_Timer_stop
 .text.Set_Timer_clear
                0x000000001c003268       0x24 ls1x_common.o
                0x000000001c003268                Set_Timer_clear
 .text.Wake_Set
                0x000000001c00328c       0xac ls1x_common.o
                0x000000001c00328c                Wake_Set
 .text.PMU_GetRstRrc
                0x000000001c003338       0x6c ls1x_pmu.o
                0x000000001c003338                PMU_GetRstRrc
 .text.PMU_GetBootSpiStatus
                0x000000001c0033a4       0x50 ls1x_pmu.o
                0x000000001c0033a4                PMU_GetBootSpiStatus
 .text.ls1x_logo
                0x000000001c0033f4       0x9c ls1x_logo.o
                0x000000001c0033f4                ls1x_logo
 .text.get_count
                0x000000001c003490       0x2c ls1x_latimer.o
                0x000000001c003490                get_count
 .text.open_count
                0x000000001c0034bc       0x24 ls1x_latimer.o
                0x000000001c0034bc                open_count
 .text.start_count
                0x000000001c0034e0       0x48 ls1x_latimer.o
                0x000000001c0034e0                start_count
 .text.stop_count
                0x000000001c003528       0x88 ls1x_latimer.o
                0x000000001c003528                stop_count
 .text.delay_cycle
                0x000000001c0035b0       0x60 ls1x_latimer.o
                0x000000001c0035b0                delay_cycle
 .text.delay_ms
                0x000000001c003610       0x40 ls1x_latimer.o
                0x000000001c003610                delay_ms
 .text.memset   0x000000001c003650       0x60 ls1x_string.o
                0x000000001c003650                memset
 .text.strcpy   0x000000001c0036b0       0x5c ls1x_string.o
                0x000000001c0036b0                strcpy
 .text.strlen   0x000000001c00370c       0x4c ls1x_string.o
                0x000000001c00370c                strlen
 .text.EXTI_Init
                0x000000001c003758      0x188 ls1x_exti.o
                0x000000001c003758                EXTI_Init
 .text.EXTI_ClearITPendingBit
                0x000000001c0038e0       0x3c ls1x_exti.o
                0x000000001c0038e0                EXTI_ClearITPendingBit
 .text.WDG_getOddValue
                0x000000001c00391c       0x88 ls1x_wdg.o
 .text.WDG_SetWatchDog
                0x000000001c0039a4       0x8c ls1x_wdg.o
                0x000000001c0039a4                WDG_SetWatchDog
 .text.WDG_DogFeed
                0x000000001c003a30       0x2c ls1x_wdg.o
                0x000000001c003a30                WDG_DogFeed
 .text.WdgInit  0x000000001c003a5c       0x30 ls1x_wdg.o
                0x000000001c003a5c                WdgInit
 .text.TOUCH_GetBaseVal
                0x000000001c003a8c       0x4c ls1c102_touch.o
                0x000000001c003a8c                TOUCH_GetBaseVal
 .text.TOUCH_GetCountValue
                0x000000001c003ad8       0x4c ls1c102_touch.o
                0x000000001c003ad8                TOUCH_GetCountValue
 .text.Printf_KeyChannel
                0x000000001c003b24       0x7c ls1c102_touch.o
                0x000000001c003b24                Printf_KeyChannel
 .text.Printf_KeyType
                0x000000001c003ba0       0x8c ls1c102_touch.o
                0x000000001c003ba0                Printf_KeyType
 .text.Printf_KeyVal
                0x000000001c003c2c      0x254 ls1c102_touch.o
                0x000000001c003c2c                Printf_KeyVal
 .text.TIM_Init
                0x000000001c003e80       0xd8 ls1c102_ptimer.o
                0x000000001c003e80                TIM_Init
 .text.TIM_StructInit
                0x000000001c003f58       0x74 ls1c102_ptimer.o
                0x000000001c003f58                TIM_StructInit
 .text.Timer_Init
                0x000000001c003fcc       0x4c ls1c102_ptimer.o
                0x000000001c003fcc                Timer_Init
 .text.TIM_Cmd  0x000000001c004018       0x54 ls1c102_ptimer.o
                0x000000001c004018                TIM_Cmd
 .text.TIM_GetITStatus
                0x000000001c00406c       0x4c ls1c102_ptimer.o
                0x000000001c00406c                TIM_GetITStatus
 .text.TIM_ClearIT
                0x000000001c0040b8       0x5c ls1c102_ptimer.o
                0x000000001c0040b8                TIM_ClearIT
 .text.exti_gpioa0_irq_handler
                0x000000001c004114       0x4c 1c102_Interrupt.o
                0x000000001c004114                exti_gpioa0_irq_handler
 .text.exti_gpioa1_irq_handler
                0x000000001c004160       0x4c 1c102_Interrupt.o
                0x000000001c004160                exti_gpioa1_irq_handler
 .text.exti_gpioa2_irq_handler
                0x000000001c0041ac       0x4c 1c102_Interrupt.o
                0x000000001c0041ac                exti_gpioa2_irq_handler
 .text.exti_gpioa3_irq_handler
                0x000000001c0041f8       0x4c 1c102_Interrupt.o
                0x000000001c0041f8                exti_gpioa3_irq_handler
 .text.exti_gpioa4_irq_handler
                0x000000001c004244       0x4c 1c102_Interrupt.o
                0x000000001c004244                exti_gpioa4_irq_handler
 .text.exti_gpioa5_irq_handler
                0x000000001c004290       0xcc 1c102_Interrupt.o
                0x000000001c004290                exti_gpioa5_irq_handler
 .text.exti_gpioa6_irq_handler
                0x000000001c00435c       0x4c 1c102_Interrupt.o
                0x000000001c00435c                exti_gpioa6_irq_handler
 .text.exti_gpioa7_irq_handler
                0x000000001c0043a8       0x4c 1c102_Interrupt.o
                0x000000001c0043a8                exti_gpioa7_irq_handler
 .text.exti_gpiob0_irq_handler
                0x000000001c0043f4       0x4c 1c102_Interrupt.o
                0x000000001c0043f4                exti_gpiob0_irq_handler
 .text.exti_gpiob1_irq_handler
                0x000000001c004440       0x4c 1c102_Interrupt.o
                0x000000001c004440                exti_gpiob1_irq_handler
 .text.exti_gpiob2_irq_handler
                0x000000001c00448c       0x4c 1c102_Interrupt.o
                0x000000001c00448c                exti_gpiob2_irq_handler
 .text.exti_gpiob3_irq_handler
                0x000000001c0044d8       0x4c 1c102_Interrupt.o
                0x000000001c0044d8                exti_gpiob3_irq_handler
 .text.exti_gpiob4_irq_handler
                0x000000001c004524       0x4c 1c102_Interrupt.o
                0x000000001c004524                exti_gpiob4_irq_handler
 .text.exti_gpiob5_irq_handler
                0x000000001c004570       0x4c 1c102_Interrupt.o
                0x000000001c004570                exti_gpiob5_irq_handler
 .text.exti_gpiob6_irq_handler
                0x000000001c0045bc       0x4c 1c102_Interrupt.o
                0x000000001c0045bc                exti_gpiob6_irq_handler
 .text.exti_gpiob7_irq_handler
                0x000000001c004608       0x4c 1c102_Interrupt.o
                0x000000001c004608                exti_gpiob7_irq_handler
 .text.exti_gpioc0_irq_handler
                0x000000001c004654       0x4c 1c102_Interrupt.o
                0x000000001c004654                exti_gpioc0_irq_handler
 .text.exti_gpioc1_irq_handler
                0x000000001c0046a0       0x4c 1c102_Interrupt.o
                0x000000001c0046a0                exti_gpioc1_irq_handler
 .text.exti_gpioc2_irq_handler
                0x000000001c0046ec       0x4c 1c102_Interrupt.o
                0x000000001c0046ec                exti_gpioc2_irq_handler
 .text.exti_gpioc3_irq_handler
                0x000000001c004738       0x4c 1c102_Interrupt.o
                0x000000001c004738                exti_gpioc3_irq_handler
 .text.exti_gpioc4_irq_handler
                0x000000001c004784       0x4c 1c102_Interrupt.o
                0x000000001c004784                exti_gpioc4_irq_handler
 .text.exti_gpioc5_irq_handler
                0x000000001c0047d0       0x4c 1c102_Interrupt.o
                0x000000001c0047d0                exti_gpioc5_irq_handler
 .text.exti_gpioc6_irq_handler
                0x000000001c00481c       0x4c 1c102_Interrupt.o
                0x000000001c00481c                exti_gpioc6_irq_handler
 .text.exti_gpioc7_irq_handler
                0x000000001c004868       0x4c 1c102_Interrupt.o
                0x000000001c004868                exti_gpioc7_irq_handler
 .text.exti_gpiod0_irq_handler
                0x000000001c0048b4       0x4c 1c102_Interrupt.o
                0x000000001c0048b4                exti_gpiod0_irq_handler
 .text.exti_gpiod1_irq_handler
                0x000000001c004900       0x4c 1c102_Interrupt.o
                0x000000001c004900                exti_gpiod1_irq_handler
 .text.exti_gpiod2_irq_handler
                0x000000001c00494c       0x4c 1c102_Interrupt.o
                0x000000001c00494c                exti_gpiod2_irq_handler
 .text.exti_gpiod3_irq_handler
                0x000000001c004998       0x4c 1c102_Interrupt.o
                0x000000001c004998                exti_gpiod3_irq_handler
 .text.exti_gpiod4_irq_handler
                0x000000001c0049e4       0x4c 1c102_Interrupt.o
                0x000000001c0049e4                exti_gpiod4_irq_handler
 .text.exti_gpiod5_irq_handler
                0x000000001c004a30       0x4c 1c102_Interrupt.o
                0x000000001c004a30                exti_gpiod5_irq_handler
 .text.exti_gpiod6_irq_handler
                0x000000001c004a7c       0x4c 1c102_Interrupt.o
                0x000000001c004a7c                exti_gpiod6_irq_handler
 .text.exti_gpiod7_irq_handler
                0x000000001c004ac8       0x4c 1c102_Interrupt.o
                0x000000001c004ac8                exti_gpiod7_irq_handler
 .text.ext_handler
                0x000000001c004b14       0xb8 1c102_Interrupt.o
                0x000000001c004b14                ext_handler
 .text.TIMER_WAKE_INT
                0x000000001c004bcc       0x50 1c102_Interrupt.o
                0x000000001c004bcc                TIMER_WAKE_INT
 .text.TOUCH    0x000000001c004c1c       0x94 1c102_Interrupt.o
                0x000000001c004c1c                TOUCH
 .text.UART2_INT
                0x000000001c004cb0       0x3c 1c102_Interrupt.o
                0x000000001c004cb0                UART2_INT
 .text.BAT_FAIL
                0x000000001c004cec       0xd8 1c102_Interrupt.o
                0x000000001c004cec                BAT_FAIL
 .text.intc_handler
                0x000000001c004dc4      0x17c 1c102_Interrupt.o
                0x000000001c004dc4                intc_handler
 .text.TIMER_HANDLER
                0x000000001c004f40       0x38 1c102_Interrupt.o
                0x000000001c004f40                TIMER_HANDLER
 .text.IIC_Delay
                0x000000001c004f78       0x3c iic.o
                0x000000001c004f78                IIC_Delay
 .text.IIC_Init
                0x000000001c004fb4       0x6c iic.o
                0x000000001c004fb4                IIC_Init
 .text.SDA_IN   0x000000001c005020       0x30 iic.o
                0x000000001c005020                SDA_IN
 .text.SDA_OUT  0x000000001c005050       0x3c iic.o
                0x000000001c005050                SDA_OUT
 .text.IIC_Start
                0x000000001c00508c       0x60 iic.o
                0x000000001c00508c                IIC_Start
 .text.IIC_Stop
                0x000000001c0050ec       0x60 iic.o
                0x000000001c0050ec                IIC_Stop
 .text.IIC_Wait_Ack
                0x000000001c00514c       0x94 iic.o
                0x000000001c00514c                IIC_Wait_Ack
 .text.IIC_Send_Byte
                0x000000001c0051e0       0xac iic.o
                0x000000001c0051e0                IIC_Send_Byte
 .text.OLED_Hardware_Init
                0x000000001c00528c       0x28 oled.o
                0x000000001c00528c                OLED_Hardware_Init
 .text.OLED_WR_Byte
                0x000000001c0052b4       0x6c oled.o
                0x000000001c0052b4                OLED_WR_Byte
 .text.OLED_Set_Pos
                0x000000001c005320       0x88 oled.o
                0x000000001c005320                OLED_Set_Pos
 .text.OLED_Clear
                0x000000001c0053a8       0x9c oled.o
                0x000000001c0053a8                OLED_Clear
 .text.OLED_Init
                0x000000001c005444      0x1c4 oled.o
                0x000000001c005444                OLED_Init
 .text.OLED_ShowChar
                0x000000001c005608      0x128 oled.o
                0x000000001c005608                OLED_ShowChar
 .text.OLED_DrawFont16
                0x000000001c005730      0x19c oled.o
                0x000000001c005730                OLED_DrawFont16
 .text.OLED_DrawFont32
                0x000000001c0058cc      0x1a8 oled.o
                0x000000001c0058cc                OLED_DrawFont32
 .text.OLED_Show_Str
                0x000000001c005a74      0x270 oled.o
                0x000000001c005a74                OLED_Show_Str
 .text.main     0x000000001c005ce4      0x140 1c102_main.o
                0x000000001c005ce4                main
 .text.Ultrasonic_Hardware_Init
                0x000000001c005e24       0x54 ultrasonic.o
                0x000000001c005e24                Ultrasonic_Hardware_Init
 .text.Ultrasonic_Software_Init
                0x000000001c005e78       0x6c ultrasonic.o
                0x000000001c005e78                Ultrasonic_Software_Init
 .text.Ultrasonic_Init
                0x000000001c005ee4       0x2c ultrasonic.o
                0x000000001c005ee4                Ultrasonic_Init
 .text.Ultrasonic_Test
                0x000000001c005f10      0x208 ultrasonic.o
                0x000000001c005f10                Ultrasonic_Test
 .text.LED_Init
                0x000000001c006118       0x54 LED.o
                0x000000001c006118                LED_Init
 .text.KEY_Init
                0x000000001c00616c       0x54 KEY.o
                0x000000001c00616c                KEY_Init
 .text.DL_LN3X_Init
                0x000000001c0061c0       0xec ZigBee.o
                0x000000001c0061c0                DL_LN3X_Init
 .text.DL_LN3X_Address
                0x000000001c0062ac       0x74 ZigBee.o
                0x000000001c0062ac                DL_LN3X_Address
 .text.DL_LN3X_Channel
                0x000000001c006320       0x5c ZigBee.o
                0x000000001c006320                DL_LN3X_Channel
 .text.DL_LN3X_Network_Id
                0x000000001c00637c       0x74 ZigBee.o
                0x000000001c00637c                DL_LN3X_Network_Id
 .text.DL_LN3X_Baud_Rate
                0x000000001c0063f0       0x5c ZigBee.o
                0x000000001c0063f0                DL_LN3X_Baud_Rate
 .text.DL_LN3X_Reset
                0x000000001c00644c       0x38 ZigBee.o
                0x000000001c00644c                DL_LN3X_Reset
 .text.DL_LN3X_Send
                0x000000001c006484      0x158 ZigBee.o
                0x000000001c006484                DL_LN3X_Send
 .text.Queue_isEmpty
                0x000000001c0065dc       0x50 queue.o
                0x000000001c0065dc                Queue_isEmpty
 .text.Queue_HadUse
                0x000000001c00662c       0x64 queue.o
                0x000000001c00662c                Queue_HadUse
 .text.Queue_NoUse
                0x000000001c006690       0x6c queue.o
                0x000000001c006690                Queue_NoUse
 .text.Queue_Wirte
                0x000000001c0066fc       0xdc queue.o
                0x000000001c0066fc                Queue_Wirte
 .text.Queue_Read
                0x000000001c0067d8       0xdc queue.o
                0x000000001c0067d8                Queue_Read
 .text.BEEP_Init
                0x000000001c0068b4       0x30 BEEP.o
                0x000000001c0068b4                BEEP_Init
                0x000000001c0068e4                . = ALIGN (0x4)
                0x000000001c0068e4                _etext = .

.rodata         0x000000001c006900     0x1e54
                0x000000001c006900                . = ALIGN (0x4)
 *(.rodata .rodata.*)
 .rodata        0x000000001c006900       0x1a serial.o
                0x000000001c006900                msg_wakeup
 *fill*         0x000000001c00691a        0x2 
 .rodata        0x000000001c00691c       0x38 init.o
 .rodata.myprintf
                0x000000001c006954      0x150 ls1x_printf.o
 .rodata.vsprintf
                0x000000001c006aa4      0x150 ls1x_printf.o
 .rodata        0x000000001c006bf4      0x387 ls1x_logo.o
 *fill*         0x000000001c006f7b        0x1 
 .rodata        0x000000001c006f7c       0x8d ls1c102_touch.o
 *fill*         0x000000001c007009        0x3 
 .rodata        0x000000001c00700c       0xaf 1c102_Interrupt.o
 *fill*         0x000000001c0070bb        0x1 
 .rodata.Ext_IrqHandle
                0x000000001c0070bc       0x80 1c102_Interrupt.o
                0x000000001c0070bc                Ext_IrqHandle
 .rodata.BAT_FAIL
                0x000000001c00713c       0x44 1c102_Interrupt.o
 .rodata.__FUNCTION__.1743
                0x000000001c007180       0x18 1c102_Interrupt.o
 .rodata.__FUNCTION__.1747
                0x000000001c007198       0x18 1c102_Interrupt.o
 .rodata.__FUNCTION__.1751
                0x000000001c0071b0       0x18 1c102_Interrupt.o
 .rodata.__FUNCTION__.1755
                0x000000001c0071c8       0x18 1c102_Interrupt.o
 .rodata.__FUNCTION__.1759
                0x000000001c0071e0       0x18 1c102_Interrupt.o
 .rodata.__FUNCTION__.1766
                0x000000001c0071f8       0x18 1c102_Interrupt.o
 .rodata.__FUNCTION__.1770
                0x000000001c007210       0x18 1c102_Interrupt.o
 .rodata.__FUNCTION__.1774
                0x000000001c007228       0x18 1c102_Interrupt.o
 .rodata.__FUNCTION__.1778
                0x000000001c007240       0x18 1c102_Interrupt.o
 .rodata.__FUNCTION__.1782
                0x000000001c007258       0x18 1c102_Interrupt.o
 .rodata.__FUNCTION__.1786
                0x000000001c007270       0x18 1c102_Interrupt.o
 .rodata.__FUNCTION__.1790
                0x000000001c007288       0x18 1c102_Interrupt.o
 .rodata.__FUNCTION__.1794
                0x000000001c0072a0       0x18 1c102_Interrupt.o
 .rodata.__FUNCTION__.1798
                0x000000001c0072b8       0x18 1c102_Interrupt.o
 .rodata.__FUNCTION__.1802
                0x000000001c0072d0       0x18 1c102_Interrupt.o
 .rodata.__FUNCTION__.1806
                0x000000001c0072e8       0x18 1c102_Interrupt.o
 .rodata.__FUNCTION__.1810
                0x000000001c007300       0x18 1c102_Interrupt.o
 .rodata.__FUNCTION__.1814
                0x000000001c007318       0x18 1c102_Interrupt.o
 .rodata.__FUNCTION__.1818
                0x000000001c007330       0x18 1c102_Interrupt.o
 .rodata.__FUNCTION__.1822
                0x000000001c007348       0x18 1c102_Interrupt.o
 .rodata.__FUNCTION__.1826
                0x000000001c007360       0x18 1c102_Interrupt.o
 .rodata.__FUNCTION__.1830
                0x000000001c007378       0x18 1c102_Interrupt.o
 .rodata.__FUNCTION__.1834
                0x000000001c007390       0x18 1c102_Interrupt.o
 .rodata.__FUNCTION__.1838
                0x000000001c0073a8       0x18 1c102_Interrupt.o
 .rodata.__FUNCTION__.1842
                0x000000001c0073c0       0x18 1c102_Interrupt.o
 .rodata.__FUNCTION__.1846
                0x000000001c0073d8       0x18 1c102_Interrupt.o
 .rodata.__FUNCTION__.1850
                0x000000001c0073f0       0x18 1c102_Interrupt.o
 .rodata.__FUNCTION__.1854
                0x000000001c007408       0x18 1c102_Interrupt.o
 .rodata.__FUNCTION__.1858
                0x000000001c007420       0x18 1c102_Interrupt.o
 .rodata.__FUNCTION__.1862
                0x000000001c007438       0x18 1c102_Interrupt.o
 .rodata.__FUNCTION__.1866
                0x000000001c007450       0x18 1c102_Interrupt.o
 .rodata.asc2_1608
                0x000000001c007468      0x5f0 oled.o
                0x000000001c007468                asc2_1608
 .rodata.tfont16
                0x000000001c007a58      0x299 oled.o
                0x000000001c007a58                tfont16
 *fill*         0x000000001c007cf1        0x3 
 .rodata.tfont32
                0x000000001c007cf4      0xa3c oled.o
                0x000000001c007cf4                tfont32
 .rodata        0x000000001c008730       0x16 1c102_main.o
 *fill*         0x000000001c008746        0x2 
 .rodata        0x000000001c008748        0xb ultrasonic.o
                0x000000001c008754                . = ALIGN (0x4)
 *fill*         0x000000001c008753        0x1 
                0x000000001c008754                _sidata = ALIGN (., 0x4)
                0x000000001c008754                . = ALIGN (0x4)

.rela.dyn       0x000000001c008754        0x0
 .rela.got      0x000000001c008754        0x0 start.o
 .rela.rodata.myprintf
                0x000000001c008754        0x0 start.o
 .rela.rodata.vsprintf
                0x000000001c008754        0x0 start.o
 .rela.rodata.Ext_IrqHandle
                0x000000001c008754        0x0 start.o
 .rela.rodata.BAT_FAIL
                0x000000001c008754        0x0 start.o

.data           0x0000000080001000       0x78 load address 0x000000001c008754
                0x0000000080001000                _sdata = .
                0x0000000080001000                . = ALIGN (0x4)
 *(.got.plt)
 .got.plt       0x0000000080001000        0x0 start.o
                0x0000000080001000                . = ALIGN (0x4)
 *(.got)
 .got           0x0000000080001000       0x3c start.o
                0x0000000080001000                _GLOBAL_OFFSET_TABLE_
                0x000000008000103c                . = ALIGN (0x4)
 *(.data .data.*)
 .data.g_SystemFreq
                0x000000008000103c        0x4 ls1x_clock.o
                0x000000008000103c                g_SystemFreq
 .data.dlln3x_address
                0x0000000080001040        0xa ZigBee.o
                0x0000000080001040                dlln3x_address
 *fill*         0x000000008000104a        0x2 
 .data.dlln3x_network_id
                0x000000008000104c        0xa ZigBee.o
                0x000000008000104c                dlln3x_network_id
 *fill*         0x0000000080001056        0x2 
 .data.dlln3x_channel
                0x0000000080001058        0x9 ZigBee.o
                0x0000000080001058                dlln3x_channel
 *fill*         0x0000000080001061        0x3 
 .data.dlln3x_baud
                0x0000000080001064        0x9 ZigBee.o
                0x0000000080001064                dlln3x_baud
 *fill*         0x000000008000106d        0x3 
 .data.dlln3x_rest
                0x0000000080001070        0x8 ZigBee.o
                0x0000000080001070                dlln3x_rest
                0x0000000080001078                . = ALIGN (0x4)
                0x0000000080001078                _edata = .

.bss            0x0000000080000000      0x30c
                0x0000000080000000                _sbss = .
                0x0000000080000000                . = ALIGN (0x4)
 *(.sbss)
                0x0000000080000000                . = ALIGN (0x4)
 *(.bss .bss.*)
 .bss.receive_Data.1920
                0x0000000080000000        0x1 1c102_Interrupt.o
 *fill*         0x0000000080000001        0x1 
 .bss.show_time
                0x0000000080000002        0x2 ultrasonic.o
                0x0000000080000002                show_time
 .bss.status    0x0000000080000004        0x4 ultrasonic.o
                0x0000000080000004                status
 .bss.real_time
                0x0000000080000008        0x4 ultrasonic.o
                0x0000000080000008                real_time
 .bss.dis_temp  0x000000008000000c        0x4 ultrasonic.o
                0x000000008000000c                dis_temp
 .bss.show_distance
                0x0000000080000010        0x4 ultrasonic.o
                0x0000000080000010                show_distance
 .bss.current_distance
                0x0000000080000014        0x2 ultrasonic.o
                0x0000000080000014                current_distance
 .bss.distance.1481
                0x0000000080000016        0x2 ultrasonic.o
                0x0000000080000018                . = ALIGN (0x4)
 *(.scommon)
                0x0000000080000018                . = ALIGN (0x4)
 *(COMMON)
 COMMON         0x0000000080000018      0x183 1c102_Interrupt.o
                0x0000000080000018                Read_length
                0x000000008000001c                exti_irq_handle
                0x000000008000009c                Read_Buffer
 *fill*         0x000000008000019b        0x1 
 COMMON         0x000000008000019c       0x22 1c102_main.o
                0x000000008000019c                zigbee_data
                0x00000000800001a0                str
 *fill*         0x00000000800001be        0x2 
 COMMON         0x00000000800001c0       0x1c ultrasonic.o
                0x00000000800001c0                display
                0x00000000800001d4                Ultrasonic_ts
 COMMON         0x00000000800001dc      0x130 queue.o
                0x00000000800001dc                Circular_queue
                0x000000008000030c                . = ALIGN (0x4)
                0x000000008000030c                _ebss = .
LOAD start.o
LOAD serial.o
LOAD wakeup.o
LOAD UserGpio.o
LOAD init.o
LOAD ls1x_gpio.o
LOAD ls1x_spi.o
LOAD ls1x_printf.o
LOAD ls1x_uart.o
LOAD ls1x_clock.o
LOAD ls1x_common.o
LOAD ls1x_pmu.o
LOAD ls1x_logo.o
LOAD ls1x_latimer.o
LOAD ls1x_string.o
LOAD ls1x_flash.o
LOAD ls1x_rtc.o
LOAD ls1x_exti.o
LOAD ls1x_wdg.o
LOAD ls1c102_i2c.o
LOAD ls1c102_vpwm.o
LOAD ls1c102_adc.o
LOAD ls1c102_touch.o
LOAD ls1c102_ptimer.o
LOAD 1c102_cmdline.o
LOAD 1c102_cmd.o
LOAD 1c102_Interrupt.o
LOAD iic.o
LOAD oled.o
LOAD 1c102_main.o
LOAD ultrasonic.o
LOAD LED.o
LOAD KEY.o
LOAD ZigBee.o
LOAD queue.o
LOAD BEEP.o
OUTPUT(1c102_demo.elf elf32-loongarch)

.comment        0x0000000000000000       0x11
 .comment       0x0000000000000000       0x11 UserGpio.o
                                         0x12 (size before relaxing)
 .comment       0x0000000000000011       0x12 init.o
 .comment       0x0000000000000011       0x12 ls1x_gpio.o
 .comment       0x0000000000000011       0x12 ls1x_printf.o
 .comment       0x0000000000000011       0x12 ls1x_uart.o
 .comment       0x0000000000000011       0x12 ls1x_clock.o
 .comment       0x0000000000000011       0x12 ls1x_common.o
 .comment       0x0000000000000011       0x12 ls1x_pmu.o
 .comment       0x0000000000000011       0x12 ls1x_logo.o
 .comment       0x0000000000000011       0x12 ls1x_latimer.o
 .comment       0x0000000000000011       0x12 ls1x_string.o
 .comment       0x0000000000000011       0x12 ls1x_exti.o
 .comment       0x0000000000000011       0x12 ls1x_wdg.o
 .comment       0x0000000000000011       0x12 ls1c102_touch.o
 .comment       0x0000000000000011       0x12 ls1c102_ptimer.o
 .comment       0x0000000000000011       0x12 1c102_Interrupt.o
 .comment       0x0000000000000011       0x12 iic.o
 .comment       0x0000000000000011       0x12 oled.o
 .comment       0x0000000000000011       0x12 1c102_main.o
 .comment       0x0000000000000011       0x12 ultrasonic.o
 .comment       0x0000000000000011       0x12 LED.o
 .comment       0x0000000000000011       0x12 KEY.o
 .comment       0x0000000000000011       0x12 ZigBee.o
 .comment       0x0000000000000011       0x12 queue.o
 .comment       0x0000000000000011       0x12 BEEP.o
